[clackwar.com/index.html]
[backblue.gif]
[fade.gif]
[index.html]
[clackwar.com/assets/css/main.css]
[clackwar.com/favicon.jpg]
[clackwar.com/images/pic01.jpg]
[clackwar.com/images/pic02.jpg]
[clackwar.com/images/pic03.jpg]
[clackwar.com/assets/js/jquery.scrollex.min.js]
[clackwar.com/assets/js/jquery.scrolly.min.js]
[clackwar.com/assets/js/browser.min.js]
[clackwar.com/assets/js/breakpoints.min.js]
[clackwar.com/assets/js/util.js]
[clackwar.com/index.html]
[clackwar.com/assets/js/main.js]
[clackwar.com/assets/css/font-awesome.min.css]
[clackwar.com/assets/css/images/overlay.png]
[clackwar.com/images/bg.jpg]
[clackwar.com/assets/css/images/arrow.svg]
[clackwar.com/assets/css/main.css]
[clackwar.com/assets/js/jquery.min.js]
[clackwar.com/clackwar2@gmail.html]
[clackwar.com/assets/fonts/fontawesome-webfont3e6e.eot]
[clackwar.com/assets/fonts/fontawesome-webfontd41d.eot]
[clackwar.com/assets/fonts/fontawesome-webfont3e6e.woff2]
[clackwar.com/assets/fonts/fontawesome-webfont3e6e.woff]
[clackwar.com/assets/css/font-awesome.min.css]
[clackwar.com/assets/fonts/fontawesome-webfont3e6e.svg]
[clackwar.com/assets/css/images/arrow.svg]
[clackwar.com/assets/fonts/fontawesome-webfont3e6e.svg]
[clackwar.com/assets/fonts/fontawesome-webfont3e6e.ttf]
